Microchip MPLAB XC8 Compiler V1.45 ()

Linker command line:

-W-3 --edf=C:\Program Files (x86)\Microchip\xc8\v1.45\dat\en_msgs.txt -cs \
  -h+dist/default/debug\CLP_4.2.0.debug.sym \
  --cmf=dist/default/debug\CLP_4.2.0.debug.cmf -z -Q16F18877 \
  -oC:\Users\Eletrico\AppData\Local\Temp\si30.2 \
  -Mdist/default/debug/CLP_4.2.0.debug.map -E1 -ver=XC8 \
  -ASTACK=022B3h-02f27h -pstack=STACK -ACODE=00h-07FFhx16 \
  -ASTRCODE=00h-07FFFh -ASTRING=00h-0FFhx128 -ACONST=00h-0FFhx128 \
  -AENTRY=00h-0FFhx128 -ACOMMON=070h-07Fh -ABANK0=020h-06Fh \
  -ABANK1=0A0h-0EFh -ABANK2=0120h-016Fh -ABANK3=01A0h-01EFh \
  -ABANK4=0220h-026Fh -ABANK5=02A0h-02EFh -ABANK6=0320h-036Fh \
  -ABANK7=03A0h-03EFh -ABANK8=0420h-046Fh -ABANK9=04A0h-04EFh \
  -ABANK10=0520h-056Fh -ABANK11=05A0h-05EFh -ABANK12=0620h-066Fh \
  -ABANK13=06A0h-06EFh -ABANK14=0720h-076Fh -ABANK15=07A0h-07EFh \
  -ABANK16=0820h-086Fh -ABANK17=08A0h-08EFh -ABANK18=0920h-096Fh \
  -ABANK19=09A0h-09EFh -ABANK20=0A20h-0A6Fh -ABANK21=0AA0h-0AEFh \
  -ABANK22=0B20h-0B6Fh -ABANK23=0BA0h-0BEFh -ABANK24=0C20h-0C6Fh \
  -ABANK25=0CA0h-0CEFh -ABANK26=0D20h-0D6Fh -ABANK27=0DA0h-0DEFh \
  -ABANK28=0E20h-0E6Fh -ABANK29=0EA0h-0EEFh -ABANK30=0F20h-0F6Fh \
  -ABANK31=0FA0h-0FEFh -ABANK32=01020h-0106Fh -ABANK33=010A0h-010EFh \
  -ABANK34=01120h-0116Fh -ABANK35=011A0h-011EFh -ABANK36=01220h-0126Fh \
  -ABANK37=012A0h-012EFh -ABANK38=01320h-0136Fh -ABANK39=013A0h-013EFh \
  -ABANK40=01420h-0146Fh -ABANK41=014A0h-014EFh -ABANK42=01520h-0156Fh \
  -ABANK43=015A0h-015EFh -ABANK44=01620h-0166Fh -ABANK45=016A0h-016EFh \
  -ABANK46=01720h-0176Fh -ABANK47=017A0h-017EFh -ABANK48=01820h-0186Fh \
  -ABANK49=018A0h-018EFh -ABANK50=01920h-0196Fh -ABIGRAM=02000h-02FEFh \
  -ARAM=020h-06Fh,0A0h-0EFh,0120h-016Fh,01A0h-01EFh,0220h-026Fh,02A0h-02EFh,0320h-036Fh,03A0h-03EFh,0420h-046Fh,04A0h-04EFh,0520h-056Fh,05A0h-05EFh,0620h-066Fh,06A0h-06EFh,0720h-076Fh,07A0h-07EFh,0820h-086Fh,08A0h-08EFh,0920h-096Fh,09A0h-09EFh,0A20h-0A6Fh,0AA0h-0AEFh,0B20h-0B6Fh,0BA0h-0BEFh,0C20h-0C6Fh,0CA0h-0CEFh,0D20h-0D6Fh,0DA0h-0DEFh,0E20h-0E6Fh,0EA0h-0EEFh,0F20h-0F6Fh,0FA0h-0FEFh,01020h-0106Fh,010A0h-010EFh,01120h-0116Fh,011A0h-011EFh,01220h-0126Fh,012A0h-012EFh,01320h-0136Fh,013A0h-013EFh,01420h-0146Fh,014A0h-014EFh,01520h-0156Fh,015A0h-015EFh,01620h-0166Fh,016A0h-016EFh,01720h-0176Fh,017A0h-017EFh,01820h-0186Fh,018A0h-018EFh,01920h-0196Fh \
  -AABS1=020h-07Fh,0A0h-0EFh,0120h-016Fh,01A0h-01EFh,0220h-026Fh,02A0h-02EFh,0320h-036Fh,03A0h-03EFh,0420h-046Fh,04A0h-04EFh,0520h-056Fh,05A0h-05EFh,0620h-066Fh,06A0h-06EFh,0720h-076Fh,07A0h-07EFh,0820h-086Fh,08A0h-08EFh,0920h-096Fh,09A0h-09EFh,0A20h-0A6Fh,0AA0h-0AEFh,0B20h-0B6Fh,0BA0h-0BEFh,0C20h-0C6Fh,0CA0h-0CEFh,0D20h-0D6Fh,0DA0h-0DEFh,0E20h-0E6Fh,0EA0h-0EEFh,0F20h-0F6Fh,0FA0h-0FEFh,01020h-0106Fh,010A0h-010EFh,01120h-0116Fh,011A0h-011EFh,01220h-0126Fh,012A0h-012EFh,01320h-0136Fh,013A0h-013EFh,01420h-0146Fh,014A0h-014EFh,01520h-0156Fh,015A0h-015EFh,01620h-0166Fh,016A0h-016EFh,01720h-0176Fh,017A0h-017EFh,01820h-0186Fh,018A0h-018EFh,01920h-0196Fh \
  -ASFR0=00h-01Fh -ASFR1=080h-09Fh -ASFR2=0100h-011Fh -ASFR3=0180h-019Fh \
  -ASFR4=0200h-021Fh -ASFR5=0280h-029Fh -ASFR6=0300h-031Fh \
  -ASFR7=0380h-039Fh -ASFR8=0400h-041Fh -ASFR9=0480h-049Fh \
  -ASFR10=0500h-051Fh -ASFR11=0580h-059Fh -ASFR12=0600h-061Fh \
  -ASFR13=0680h-069Fh -ASFR14=0700h-071Fh -ASFR15=0780h-079Fh \
  -ASFR16=0800h-081Fh -ASFR17=0880h-089Fh -ASFR18=0900h-091Fh \
  -ASFR19=0980h-099Fh -ASFR20=0A00h-0A1Fh -ASFR21=0A80h-0A9Fh \
  -ASFR22=0B00h-0B1Fh -ASFR23=0B80h-0B9Fh -ASFR24=0C00h-0C1Fh \
  -ASFR25=0C80h-0C9Fh -ASFR26=0D00h-0D1Fh -ASFR27=0D80h-0D9Fh \
  -ASFR28=0E00h-0E1Fh -ASFR29=0E80h-0E9Fh -ASFR30=0F00h-0F1Fh \
  -ASFR31=0F80h-0F9Fh -ASFR32=01000h-0101Fh -ASFR33=01080h-0109Fh \
  -ASFR34=01100h-0111Fh -ASFR35=01180h-0119Fh -ASFR36=01200h-0121Fh \
  -ASFR37=01280h-0129Fh -ASFR38=01300h-0131Fh -ASFR39=01380h-0139Fh \
  -ASFR40=01400h-0141Fh -ASFR41=01480h-0149Fh -ASFR42=01500h-0151Fh \
  -ASFR43=01580h-0159Fh -ASFR44=01600h-0161Fh -ASFR45=01680h-0169Fh \
  -ASFR46=01700h-0171Fh -ASFR47=01780h-0179Fh -ASFR48=01800h-0181Fh \
  -ASFR49=01880h-0189Fh -ASFR50=01900h-0191Fh -ASFR51=01980h-019EFh \
  -ASFR52=01A00h-01A6Fh -ASFR53=01A80h-01AEFh -ASFR54=01B00h-01B6Fh \
  -ASFR55=01B80h-01BEFh -ASFR56=01C00h-01C6Fh -ASFR57=01C80h-01CEFh \
  -ASFR58=01D00h-01D6Fh -ASFR59=01D80h-01DEFh -ASFR60=01E00h-01E6Fh \
  -ASFR61=01E80h-01EEFh -ASFR62=01F00h-01F6Fh -ASFR63=01F80h-01FEFh \
  -preset_vec=00h,intentry=04h,init,end_init -ppowerup=CODE -pcinit=CODE \
  -pfunctab=ENTRY -ACONFIG=08007h-0800Bh -pconfig=CONFIG -DCONFIG=2 \
  -AIDLOC=08000h-08003h -pidloc=IDLOC -DIDLOC=2 -AEEDATA=00h-0FFh/0F000h \
  -peeprom_data=EEDATA -DEEDATA=2 -DCODE=2 -DSTRCODE=2 -DSTRING=2 -DCONST=2 \
  -DENTRY=2 -k C:\Users\Eletrico\AppData\Local\Temp\si30.obj \
  dist/default/debug\CLP_4.2.0.debug.obj 

Object code version is 3.11

Machine type is 16F18877



                Name                               Link     Load   Length Selector   Space Scale
C:\Users\Eletrico\AppData\Local\Temp\si30.obj
                end_init                             E3       E3        2        8       0
                reset_vec                             0        0        2        0       0
                idloc                              8000     8000        4    10000       0
                config                             8007     8007        5    1000E       0
dist/default/debug\CLP_4.2.0.debug.obj
                cinit                                E5       E5       6C        8       0
                intentry                              4        4       DF        8       0
                text9_split_1                       151      151      639        8       0
                text155                            50E2     50E2       1C     A1C4       0
                text154                            5153     5153       1E     A2A6       0
                text153                            6184     6184        F     C2AA       0
                text152                            623D     623D        8     C3FE       0
                text151                            6245     6245        6     C3FE       0
                text150                            6235     6235        8     C3FE       0
                text149                            61FF     61FF        A     C3FE       0
                text148                            674D     674D       13     CE9A       0
                text147                            2804     2804       A8     5008       0
                text146                            556F     556F       34     AADE       0
                text145                            50C7     50C7       1B     A18E       0
                text144                            553D     553D       32     AA7A       0
                text143                            57BB     57BB       45     AF76       0
                text142                            52E3     52E3       26     A5C6       0
                text141                            5309     5309       28     A612       0
                text140                            2801     2801        3     5002       0
                text138                            6112     6112       12     C224       0
                text137                            5274     5274       25     A4E8       0
                text136                            5299     5299       25     A532       0
                text135                            55A3     55A3       35     AB46       0
                text134                            5251     5251       23     A4A2       0
                text133                            6165     6165       10     C2AA       0
                text132                            1000     1000        3     1498       0
                text131                            42CC     42CC       86     8598       0
                text130                            5735     5735       43     AE6A       0
                text129                            5099     5099       17     A132       0
                text128                            50B0     50B0       17     A160       0
                text127                            61DF     61DF        C     C3BE       0
                text126                            50FE     50FE       1C     A1FC       0
                text125                            55D8     55D8       36     ABB0       0
                text124                            5482     5482       2E     A904       0
                text123                            5171     5171       1F     A2E2       0
                text122                            67C1     67C1       15     CF82       0
                text121                            53FB     53FB       2D     A7F6       0
                text120                            3BC4     3BC4       CB     7788       0
                text119                            498D     498D       4D     931A       0
                text118                            3AFA     3AFA       CA     75F4       0
                text117                            52BE     52BE       25     A57C       0
                text116                            49DA     49DA       4D     93B4       0
                text115                            5331     5331       28     A662       0
                text114                            5428     5428       2D     A850       0
                text113                            3F1B     3F1B       E5     7E36       0
                text112                            48A1     48A1       18     9142       0
                text111                            6124     6124       11     C224       0
                text110                            6224     6224        9     C3FE       0
                text109                            621B     621B        9     C3FE       0
                text108                            5455     5455       2D     A8AA       0
                text107                            4A78     4A78       52     94F0       0
                text106                            6760     6760       13     CEC0       0
                text105                            6212     6212        9     C3FE       0
                text104                            4A27     4A27       51     944E       0
                text103                            622D     622D        8     C3FE       0
                text102                            5190     5190       1F     A320       0
                text101                            61A1     61A1        E     C2AA       0
                text100                            6175     6175        F     C2AA       0
                text99                             6155     6155       10     C2AA       0
                text98                             6799     6799       14     CF32       0
                text97                             67D6     67D6       15     CFAC       0
                text96                             6773     6773       13     CEE6       0
                text95                             53A9     53A9       29     A752       0
                text94                             4B6E     4B6E       53     96DC       0
                text93                             5778     5778       43     AEF0       0
                text92                             43D9     43D9       8B     87B2       0
                text91                             54DE     54DE       2F     A9BC       0
                text90                             51CE     51CE       20     A39C       0
                swtext7                            6100     6100       12     C200       0
                text89                             40D1     40D1       7A     81A2       0
                text88                             4EBA     4EBA       67     9D74       0
                text87                             334C     334C      11F     6698       0
                text86                             4D27     4D27       64     9A4E       0
                text85                             4C15     4C15       56     982A       0
                text84                             3C8F     3C8F       D4     791E       0
                text83                             53D2     53D2       29     A7A4       0
                text82                             6193     6193        E     C2AA       0
                text81                             48FE     48FE       46     91FC       0
                text80                             461D     461D       A1     8C3A       0
                swtext6                            6145     6145       10     C26A       0
                text79                             4CC4     4CC4       63     9988       0
                text78                             560E     560E       37     AC1C       0
                text77                             254B     254B      2B5     4A96       0
                text76                             4E54     4E54       66     9CA8       0
                text75                             5136     5136       1D     A26C       0
                text74                             520E     520E       21     A41C       0
                text73                             4585     4585       98     8B0A       0
                text72                             2CB3     2CB3      1A0     5966       0
                text71                             67AD     67AD       14     CF5A       0
                text70                             4F89     4F89       77     9F12       0
                text69                             46BE     46BE       A1     8D7C       0
                text68                             199E     199E      2FB     333C       0
                text67                              82D      82D      21F     105A       0
                text66                             29EC     29EC      160     53D8       0
                text65                             51EE     51EE       20     A3DC       0
                swtext5                            60E8     60E8       14     C1D0       0
                text64                             4F21     4F21       68     9E42       0
                swtext4                            61D3     61D3        C     C3A6       0
                text63                             41C9     41C9       81     8392       0
                swtext3                            6135     6135       10     C26A       0
                text62                             4BC1     4BC1       54     9782       0
                text61                             61C7     61C7        C     C2AA       0
                text60                             4C6B     4C6B       59     98D6       0
                text59                             475F     475F       A1     8EBE       0
                text58                             4D8B     4D8B       64     9B16       0
                text57                             3D63     3D63       D8     7AC6       0
                text56                             4944     4944       49     9288       0
                text55                             48B9     48B9       45     9172       0
                text54                             3000     3000       27     5CA6       0
                text53                              800      800       2D     1000       0
                text52                             4DEF     4DEF       65     9BDE       0
                text51                             3A43     3A43       B7     7486       0
                text50                             398F     398F       B4     731E       0
                text49                             67EB     67EB       15     CFD6       0
                text48                             424A     424A       82     8494       0
                text47                             3027     3027       F6     604E       0
                text46                             414B     414B       7E     8296       0
                text45                             5680     5680       3C     AD00       0
                text44                             6209     6209        9     C3FE       0
                text43                             5359     5359       28     A6B2       0
                text42                             28AC     28AC      140     5158       0
                text41                             54B0     54B0       2E     A960       0
                text40                             56F8     56F8       3D     ADF0       0
                text39                             4352     4352       87     86A4       0
                text38                             56BC     56BC       3C     AD78       0
                text37                             382B     382B       B1     7056       0
                text36                             2E53     2E53      1AD     5CA6       0
                text35                             2001     2001       7C     4002       0
                text34                             3801     3801       2A     7002       0
                text33                             522F     522F       22     A45E       0
                text32                             44F3     44F3       92     89E6       0
                text31                             36C4     36C4      13C     6D88       0
                text30                             1003     1003       CF     2006       0
                text29                             3232     3232      11A     6464       0
                text28                             4ACA     4ACA       52     9594       0
                text27                              78A      78A       71        8       0
                text26                             1833     1833      16B     3066       0
                text25                             1462     1462      39E     28C4       0
                text24                             4B1C     4B1C       52     9638       0
                text23                             51AF     51AF       1F     A35E       0
                text22                             4000     4000       58     7E36       0
                text21                             1801     1801       32     3002       0
                text20                             38DC     38DC       B3     71B8       0
                text19                             550D     550D       30     AA1A       0
                text18                             358D     358D      137     6B1A       0
                swtext2                            61F5     61F5        A     C3EA       0
                text17                              A4C      A4C      5B4     1498       0
                text16                             508C     508C        D     A118       0
                text15                             2B4C     2B4C      167     5698       0
                text14                             5381     5381       28     A702       0
                text13                             511A     511A       1C     A234       0
                text12                             207D     207D      250     40FA       0
                text11                             3E3B     3E3B       E0     7C76       0
                text10                             4058     4058       79     80B0       0
                swtext1                            5070     5070       1C     A0E0       0
                text9                              22CD     22CD      27E     459A       0
                text8                              346B     346B      122     68D6       0
                text7                              4464     4464       8F     88C8       0
                text6                              61BB     61BB        C     C2AA       0
                text5                              1C99     1C99      367     3932       0
                text4                              61EB     61EB        A     C3BE       0
                text3                              6786     6786       13     CF0C       0
                text2                              5645     5645       3B     AC8A       0
                text1                              311D     311D      115     623A       0
                maintext                           10D2     10D2      390     21A4       0
                cstackBANK0                          20       20       3A       20       1
                cstackCOMMON                         70       70        E       70       1
                cstackBANK1                          A0       A0       4D       A0       1
                cstackBANK2                         120      120       30      120       1
                cstackBANK8                         420      420       33      420       1
                clrtext                            61AF     61AF        C     C2AA       0
                bssBANK7                            3A0      3A0       20      3A0       1
                bssBANK6                            320      320       48      320       1
                dataBANK5                           2E1      2E1        5      2A0       1
                bssBANK5                            2A0      2A0       41      2A0       1
                bssBANK4                            220      220       50      220       1
                dataBANK3                           1E6      1E6        2      1A0       1
                bssBANK3                            1A0      1A0       46      1A0       1
                dataBANK0                            64       64        1       20       1
                bssBANK0                             5A       5A        A       20       1
                stringtext102                      691A     691A        2     D000       0
                stringtext101                      6918     6918        2     D000       0
                stringtext100                      6915     6915        3     D000       0
                stringtext99                       6912     6912        3     D000       0
                stringtext98                       690B     690B        4     D000       0
                stringtext97                       6907     6907        4     D000       0
                stringtext96                       6903     6903        4     D000       0
                stringtext95                       68FF     68FF        4     D000       0
                stringtext94                       68FB     68FB        4     D000       0
                stringtext93                       68F6     68F6        5     D000       0
                stringtext92                       68F1     68F1        5     D000       0
                stringtext91                       68EC     68EC        5     D000       0
                stringtext90                       68E6     68E6        6     D000       0
                stringtext89                       68DF     68DF        7     D000       0
                stringtext88                       68D7     68D7        8     D000       0
                stringtext87                       68CF     68CF        8     D000       0
                stringtext86                       68BE     68BE        9     D000       0
                stringtext85                       68B5     68B5        9     D000       0
                stringtext84                       689F     689F        C     D000       0
                stringtext83                       6886     6886        D     D000       0
                stringtext82                       6879     6879        D     D000       0
                stringtext81                       685E     685E        E     D000       0
                stringtext80                       6841     6841        F     D000       0
                stringtext79                       60D3     60D3       15     B000       0
                stringtext78                       68C7     68C7        8     D000       0
                stringtext77                       6893     6893        C     D000       0
                stringtext76                       686C     686C        D     D000       0
                stringtext75                       6850     6850        E     D000       0
                stringtext74                       6832     6832        F     D000       0
                stringtext73                       6823     6823        F     D000       0
                stringtext72                       6800     6800       12     D000       0
                stringtext71                       60B8     60B8       1B     B000       0
                stringtext70                       609A     609A       1E     B000       0
                stringtext69                       6078     6078       22     B000       0
                stringtext68                       6056     6056       22     B000       0
                stringtext67                       6034     6034       22     B000       0
                stringtext66                       6012     6012       22     B000       0
                stringtext65                       5FF0     5FF0       22     B000       0
                stringtext64                       5FCE     5FCE       22     B000       0
                stringtext63                       5FAC     5FAC       22     B000       0
                stringtext62                       5F8A     5F8A       22     B000       0
                stringtext61                       5F68     5F68       22     B000       0
                stringtext60                       5F46     5F46       22     B000       0
                stringtext59                       5F24     5F24       22     B000       0
                stringtext58                       5F02     5F02       22     B000       0
                stringtext57                       5EE0     5EE0       22     B000       0
                stringtext56                       5EBE     5EBE       22     B000       0
                stringtext55                       5E9C     5E9C       22     B000       0
                stringtext54                       5E7A     5E7A       22     B000       0
                stringtext53                       5E58     5E58       22     B000       0
                stringtext52                       5E36     5E36       22     B000       0
                stringtext51                       5E14     5E14       22     B000       0
                stringtext50                       5DF2     5DF2       22     B000       0
                stringtext49                       5DD0     5DD0       22     B000       0
                stringtext48                       5DAE     5DAE       22     B000       0
                stringtext47                       5D8C     5D8C       22     B000       0
                stringtext46                       5D6A     5D6A       22     B000       0
                stringtext45                       5D48     5D48       22     B000       0
                stringtext44                       5D26     5D26       22     B000       0
                stringtext43                       5D04     5D04       22     B000       0
                stringtext42                       5CE2     5CE2       22     B000       0
                stringtext41                       5CC0     5CC0       22     B000       0
                stringtext40                       5C9E     5C9E       22     B000       0
                stringtext39                       5C7C     5C7C       22     B000       0
                stringtext38                       5C5A     5C5A       22     B000       0
                stringtext37                       5C38     5C38       22     B000       0
                stringtext36                       5C16     5C16       22     B000       0
                stringtext35                       5BF4     5BF4       22     B000       0
                stringtext34                       5BD2     5BD2       22     B000       0
                stringtext33                       5BB0     5BB0       22     B000       0
                stringtext32                       5B8E     5B8E       22     B000       0
                stringtext31                       5B6C     5B6C       22     B000       0
                stringtext30                       5B4A     5B4A       22     B000       0
                stringtext29                       5B28     5B28       22     B000       0
                stringtext28                       5B06     5B06       22     B000       0
                stringtext27                       5AE4     5AE4       22     B000       0
                stringtext26                       5AC2     5AC2       22     B000       0
                stringtext25                       5AA0     5AA0       22     B000       0
                stringtext24                       5A7E     5A7E       22     B000       0
                stringtext23                       5A5C     5A5C       22     B000       0
                stringtext22                       5A3A     5A3A       22     B000       0
                stringtext21                       5A18     5A18       22     B000       0
                stringtext20                       59F6     59F6       22     B000       0
                stringtext19                       59D4     59D4       22     B000       0
                stringtext18                       5858     5858       28     B000       0
                stringtext17                       690F     690F        3     D000       0
                stringtext16                       68AB     68AB        A     D000       0
                stringtext15                       6812     6812       11     D000       0
                stringtext14                       59B2     59B2       22     B000       0
                stringtext13                       5990     5990       22     B000       0
                stringtext12                       596E     596E       22     B000       0
                stringtext11                       594C     594C       22     B000       0
                stringtext10                       592A     592A       22     B000       0
                stringtext9                        5908     5908       22     B000       0
                stringtext8                        58E6     58E6       22     B000       0
                stringtext7                        58C4     58C4       22     B000       0
                stringtext6                        58A2     58A2       22     B000       0
                stringtext5                        5880     5880       22     B000       0
                stringtext4                        5830     5830       28     B000       0
                stringtext3                        5800     5800       30     B000       0
                stringtext2                        5000     5000       70     A000       0
                stringtext1                        4800     4800       A0     9000       0
                idataBANK5                          7FB      7FB        5        8       0
                idataBANK3                            2        2        2        0       0
                idataBANK0                         1800     1800        1     28C4       0

TOTAL           Name                               Link     Load   Length     Space
        CLASS   STACK          

        CLASS   CODE           
                end_init                             E3       E3        2         0
                cinit                                E5       E5       6C         0
                intentry                              4        4       DF         0
                reset_vec                             0        0        2         0
                text9_split_1                       151      151      639         0
                text155                            50E2     50E2       1C         0
                text154                            5153     5153       1E         0
                text153                            6184     6184        F         0
                text152                            623D     623D        8         0
                text151                            6245     6245        6         0
                text150                            6235     6235        8         0
                text149                            61FF     61FF        A         0
                text148                            674D     674D       13         0
                text147                            2804     2804       A8         0
                text146                            556F     556F       34         0
                text145                            50C7     50C7       1B         0
                text144                            553D     553D       32         0
                text143                            57BB     57BB       45         0
                text142                            52E3     52E3       26         0
                text141                            5309     5309       28         0
                text140                            2801     2801        3         0
                text138                            6112     6112       12         0
                text137                            5274     5274       25         0
                text136                            5299     5299       25         0
                text135                            55A3     55A3       35         0
                text134                            5251     5251       23         0
                text133                            6165     6165       10         0
                text132                            1000     1000        3         0
                text131                            42CC     42CC       86         0
                text130                            5735     5735       43         0
                text129                            5099     5099       17         0
                text128                            50B0     50B0       17         0
                text127                            61DF     61DF        C         0
                text126                            50FE     50FE       1C         0
                text125                            55D8     55D8       36         0
                text124                            5482     5482       2E         0
                text123                            5171     5171       1F         0
                text122                            67C1     67C1       15         0
                text121                            53FB     53FB       2D         0
                text120                            3BC4     3BC4       CB         0
                text119                            498D     498D       4D         0
                text118                            3AFA     3AFA       CA         0
                text117                            52BE     52BE       25         0
                text116                            49DA     49DA       4D         0
                text115                            5331     5331       28         0
                text114                            5428     5428       2D         0
                text113                            3F1B     3F1B       E5         0
                text112                            48A1     48A1       18         0
                text111                            6124     6124       11         0
                text110                            6224     6224        9         0
                text109                            621B     621B        9         0
                text108                            5455     5455       2D         0
                text107                            4A78     4A78       52         0
                text106                            6760     6760       13         0
                text105                            6212     6212        9         0
                text104                            4A27     4A27       51         0
                text103                            622D     622D        8         0
                text102                            5190     5190       1F         0
                text101                            61A1     61A1        E         0
                text100                            6175     6175        F         0
                text99                             6155     6155       10         0
                text98                             6799     6799       14         0
                text97                             67D6     67D6       15         0
                text96                             6773     6773       13         0
                text95                             53A9     53A9       29         0
                text94                             4B6E     4B6E       53         0
                text93                             5778     5778       43         0
                text92                             43D9     43D9       8B         0
                text91                             54DE     54DE       2F         0
                text90                             51CE     51CE       20         0
                text89                             40D1     40D1       7A         0
                text88                             4EBA     4EBA       67         0
                text87                             334C     334C      11F         0
                text86                             4D27     4D27       64         0
                text85                             4C15     4C15       56         0
                text84                             3C8F     3C8F       D4         0
                text83                             53D2     53D2       29         0
                text82                             6193     6193        E         0
                text81                             48FE     48FE       46         0
                text80                             461D     461D       A1         0
                text79                             4CC4     4CC4       63         0
                text78                             560E     560E       37         0
                text77                             254B     254B      2B5         0
                text76                             4E54     4E54       66         0
                text75                             5136     5136       1D         0
                text74                             520E     520E       21         0
                text73                             4585     4585       98         0
                text72                             2CB3     2CB3      1A0         0
                text71                             67AD     67AD       14         0
                text70                             4F89     4F89       77         0
                text69                             46BE     46BE       A1         0
                text68                             199E     199E      2FB         0
                text67                              82D      82D      21F         0
                text66                             29EC     29EC      160         0
                text65                             51EE     51EE       20         0
                text64                             4F21     4F21       68         0
                text63                             41C9     41C9       81         0
                text62                             4BC1     4BC1       54         0
                text61                             61C7     61C7        C         0
                text60                             4C6B     4C6B       59         0
                text59                             475F     475F       A1         0
                text58                             4D8B     4D8B       64         0
                text57                             3D63     3D63       D8         0
                text56                             4944     4944       49         0
                text55                             48B9     48B9       45         0
                text54                             3000     3000       27         0
                text53                              800      800       2D         0
                text52                             4DEF     4DEF       65         0
                text51                             3A43     3A43       B7         0
                text50                             398F     398F       B4         0
                text49                             67EB     67EB       15         0
                text48                             424A     424A       82         0
                text47                             3027     3027       F6         0
                text46                             414B     414B       7E         0
                text45                             5680     5680       3C         0
                text44                             6209     6209        9         0
                text43                             5359     5359       28         0
                text42                             28AC     28AC      140         0
                text41                             54B0     54B0       2E         0
                text40                             56F8     56F8       3D         0
                text39                             4352     4352       87         0
                text38                             56BC     56BC       3C         0
                text37                             382B     382B       B1         0
                text36                             2E53     2E53      1AD         0
                text35                             2001     2001       7C         0
                text34                             3801     3801       2A         0
                text33                             522F     522F       22         0
                text32                             44F3     44F3       92         0
                text31                             36C4     36C4      13C         0
                text30                             1003     1003       CF         0
                text29                             3232     3232      11A         0
                text28                             4ACA     4ACA       52         0
                text27                              78A      78A       71         0
                text26                             1833     1833      16B         0
                text25                             1462     1462      39E         0
                text24                             4B1C     4B1C       52         0
                text23                             51AF     51AF       1F         0
                text22                             4000     4000       58         0
                text21                             1801     1801       32         0
                text20                             38DC     38DC       B3         0
                text19                             550D     550D       30         0
                text18                             358D     358D      137         0
                text17                              A4C      A4C      5B4         0
                text16                             508C     508C        D         0
                text15                             2B4C     2B4C      167         0
                text14                             5381     5381       28         0
                text13                             511A     511A       1C         0
                text12                             207D     207D      250         0
                text11                             3E3B     3E3B       E0         0
                text10                             4058     4058       79         0
                text9                              22CD     22CD      27E         0
                text8                              346B     346B      122         0
                text7                              4464     4464       8F         0
                text6                              61BB     61BB        C         0
                text5                              1C99     1C99      367         0
                text4                              61EB     61EB        A         0
                text3                              6786     6786       13         0
                text2                              5645     5645       3B         0
                text1                              311D     311D      115         0
                maintext                           10D2     10D2      390         0
                clrtext                            61AF     61AF        C         0
                idataBANK5                          7FB      7FB        5         0
                idataBANK3                            2        2        2         0
                idataBANK0                         1800     1800        1         0

        CLASS   STRCODE        
                stringtext102                      691A     691A        2         0
                stringtext101                      6918     6918        2         0
                stringtext100                      6915     6915        3         0
                stringtext99                       6912     6912        3         0
                stringtext98                       690B     690B        4         0
                stringtext97                       6907     6907        4         0
                stringtext96                       6903     6903        4         0
                stringtext95                       68FF     68FF        4         0
                stringtext94                       68FB     68FB        4         0
                stringtext93                       68F6     68F6        5         0
                stringtext92                       68F1     68F1        5         0
                stringtext91                       68EC     68EC        5         0
                stringtext90                       68E6     68E6        6         0
                stringtext89                       68DF     68DF        7         0
                stringtext88                       68D7     68D7        8         0
                stringtext87                       68CF     68CF        8         0
                stringtext86                       68BE     68BE        9         0
                stringtext85                       68B5     68B5        9         0
                stringtext84                       689F     689F        C         0
                stringtext83                       6886     6886        D         0
                stringtext82                       6879     6879        D         0
                stringtext81                       685E     685E        E         0
                stringtext80                       6841     6841        F         0
                stringtext79                       60D3     60D3       15         0
                stringtext78                       68C7     68C7        8         0
                stringtext77                       6893     6893        C         0
                stringtext76                       686C     686C        D         0
                stringtext75                       6850     6850        E         0
                stringtext74                       6832     6832        F         0
                stringtext73                       6823     6823        F         0
                stringtext72                       6800     6800       12         0
                stringtext71                       60B8     60B8       1B         0
                stringtext70                       609A     609A       1E         0
                stringtext69                       6078     6078       22         0
                stringtext68                       6056     6056       22         0
                stringtext67                       6034     6034       22         0
                stringtext66                       6012     6012       22         0
                stringtext65                       5FF0     5FF0       22         0
                stringtext64                       5FCE     5FCE       22         0
                stringtext63                       5FAC     5FAC       22         0
                stringtext62                       5F8A     5F8A       22         0
                stringtext61                       5F68     5F68       22         0
                stringtext60                       5F46     5F46       22         0
                stringtext59                       5F24     5F24       22         0
                stringtext58                       5F02     5F02       22         0
                stringtext57                       5EE0     5EE0       22         0
                stringtext56                       5EBE     5EBE       22         0
                stringtext55                       5E9C     5E9C       22         0
                stringtext54                       5E7A     5E7A       22         0
                stringtext53                       5E58     5E58       22         0
                stringtext52                       5E36     5E36       22         0
                stringtext51                       5E14     5E14       22         0
                stringtext50                       5DF2     5DF2       22         0
                stringtext49                       5DD0     5DD0       22         0
                stringtext48                       5DAE     5DAE       22         0
                stringtext47                       5D8C     5D8C       22         0
                stringtext46                       5D6A     5D6A       22         0
                stringtext45                       5D48     5D48       22         0
                stringtext44                       5D26     5D26       22         0
                stringtext43                       5D04     5D04       22         0
                stringtext42                       5CE2     5CE2       22         0
                stringtext41                       5CC0     5CC0       22         0
                stringtext40                       5C9E     5C9E       22         0
                stringtext39                       5C7C     5C7C       22         0
                stringtext38                       5C5A     5C5A       22         0
                stringtext37                       5C38     5C38       22         0
                stringtext36                       5C16     5C16       22         0
                stringtext35                       5BF4     5BF4       22         0
                stringtext34                       5BD2     5BD2       22         0
                stringtext33                       5BB0     5BB0       22         0
                stringtext32                       5B8E     5B8E       22         0
                stringtext31                       5B6C     5B6C       22         0
                stringtext30                       5B4A     5B4A       22         0
                stringtext29                       5B28     5B28       22         0
                stringtext28                       5B06     5B06       22         0
                stringtext27                       5AE4     5AE4       22         0
                stringtext26                       5AC2     5AC2       22         0
                stringtext25                       5AA0     5AA0       22         0
                stringtext24                       5A7E     5A7E       22         0
                stringtext23                       5A5C     5A5C       22         0
                stringtext22                       5A3A     5A3A       22         0
                stringtext21                       5A18     5A18       22         0
                stringtext20                       59F6     59F6       22         0
                stringtext19                       59D4     59D4       22         0
                stringtext18                       5858     5858       28         0
                stringtext17                       690F     690F        3         0
                stringtext16                       68AB     68AB        A         0
                stringtext15                       6812     6812       11         0
                stringtext14                       59B2     59B2       22         0
                stringtext13                       5990     5990       22         0
                stringtext12                       596E     596E       22         0
                stringtext11                       594C     594C       22         0
                stringtext10                       592A     592A       22         0
                stringtext9                        5908     5908       22         0
                stringtext8                        58E6     58E6       22         0
                stringtext7                        58C4     58C4       22         0
                stringtext6                        58A2     58A2       22         0
                stringtext5                        5880     5880       22         0
                stringtext4                        5830     5830       28         0
                stringtext3                        5800     5800       30         0
                stringtext2                        5000     5000       70         0
                stringtext1                        4800     4800       A0         0

        CLASS   STRING         

        CLASS   CONST          
                swtext7                            6100     6100       12         0
                swtext6                            6145     6145       10         0
                swtext5                            60E8     60E8       14         0
                swtext4                            61D3     61D3        C         0
                swtext3                            6135     6135       10         0
                swtext2                            61F5     61F5        A         0
                swtext1                            5070     5070       1C         0

        CLASS   ENTRY          

        CLASS   COMMON         
                cstackCOMMON                         70       70        E         1

        CLASS   BANK0          
                cstackBANK0                          20       20       3A         1
                dataBANK0                            64       64        1         1
                bssBANK0                             5A       5A        A         1

        CLASS   BANK1          
                cstackBANK1                          A0       A0       4D         1

        CLASS   BANK2          
                cstackBANK2                         120      120       30         1

        CLASS   BANK3          
                dataBANK3                           1E6      1E6        2         1
                bssBANK3                            1A0      1A0       46         1

        CLASS   BANK4          
                bssBANK4                            220      220       50         1

        CLASS   BANK5          
                dataBANK5                           2E1      2E1        5         1
                bssBANK5                            2A0      2A0       41         1

        CLASS   BANK6          
                bssBANK6                            320      320       48         1

        CLASS   BANK7          
                bssBANK7                            3A0      3A0       20         1

        CLASS   BANK8          
                cstackBANK8                         420      420       33         1

        CLASS   BANK9          

        CLASS   BANK10         

        CLASS   BANK11         

        CLASS   BANK12         

        CLASS   BANK13         

        CLASS   BANK14         

        CLASS   BANK15         

        CLASS   BANK16         

        CLASS   BANK17         

        CLASS   BANK18         

        CLASS   BANK19         

        CLASS   BANK20         

        CLASS   BANK21         

        CLASS   BANK22         

        CLASS   BANK23         

        CLASS   BANK24         

        CLASS   BANK25         

        CLASS   BANK26         

        CLASS   BANK27         

        CLASS   BANK28         

        CLASS   BANK29         

        CLASS   BANK30         

        CLASS   BANK31         

        CLASS   BANK32         

        CLASS   BANK33         

        CLASS   BANK34         

        CLASS   BANK35         

        CLASS   BANK36         

        CLASS   BANK37         

        CLASS   BANK38         

        CLASS   BANK39         

        CLASS   BANK40         

        CLASS   BANK41         

        CLASS   BANK42         

        CLASS   BANK43         

        CLASS   BANK44         

        CLASS   BANK45         

        CLASS   BANK46         

        CLASS   BANK47         

        CLASS   BANK48         

        CLASS   BANK49         

        CLASS   BANK50         

        CLASS   BIGRAM         

        CLASS   RAM            

        CLASS   ABS1           
                abs_s1                               7E       7E        2         1
                abs_s1                             1848     1848       28         1
                abs_s1                             18A0     18A0       50         1
                abs_s1                             1920     1920       50         1
                abs_s1                             2F28     2F28        0         1

        CLASS   SFR0           

        CLASS   SFR1           

        CLASS   SFR2           

        CLASS   SFR3           

        CLASS   SFR4           

        CLASS   SFR5           

        CLASS   SFR6           

        CLASS   SFR7           

        CLASS   SFR8           

        CLASS   SFR9           

        CLASS   SFR10          

        CLASS   SFR11          

        CLASS   SFR12          

        CLASS   SFR13          

        CLASS   SFR14          

        CLASS   SFR15          

        CLASS   SFR16          

        CLASS   SFR17          

        CLASS   SFR18          

        CLASS   SFR19          

        CLASS   SFR20          

        CLASS   SFR21          

        CLASS   SFR22          

        CLASS   SFR23          

        CLASS   SFR24          

        CLASS   SFR25          

        CLASS   SFR26          

        CLASS   SFR27          

        CLASS   SFR28          

        CLASS   SFR29          

        CLASS   SFR30          

        CLASS   SFR31          

        CLASS   SFR32          

        CLASS   SFR33          

        CLASS   SFR34          

        CLASS   SFR35          

        CLASS   SFR36          

        CLASS   SFR37          

        CLASS   SFR38          

        CLASS   SFR39          

        CLASS   SFR40          

        CLASS   SFR41          

        CLASS   SFR42          

        CLASS   SFR43          

        CLASS   SFR44          

        CLASS   SFR45          

        CLASS   SFR46          

        CLASS   SFR47          

        CLASS   SFR48          

        CLASS   SFR49          

        CLASS   SFR50          

        CLASS   SFR51          

        CLASS   SFR52          

        CLASS   SFR53          

        CLASS   SFR54          

        CLASS   SFR55          

        CLASS   SFR56          

        CLASS   SFR57          

        CLASS   SFR58          

        CLASS   SFR59          

        CLASS   SFR60          

        CLASS   SFR61          

        CLASS   SFR62          

        CLASS   SFR63          

        CLASS   CONFIG         
                config                             8007     8007        5         0

        CLASS   IDLOC          
                idloc                              8000     8000        4         0

        CLASS   EEDATA         

        CLASS   BANK63         

        CLASS   BANK62         

        CLASS   BANK61         

        CLASS   BANK60         

        CLASS   BANK59         

        CLASS   BANK58         

        CLASS   BANK57         

        CLASS   BANK56         

        CLASS   BANK55         

        CLASS   BANK54         

        CLASS   BANK53         

        CLASS   BANK52         

        CLASS   BANK51         



SEGMENTS        Name                           Load    Length   Top    Selector   Space  Class     Delta

                reset_vec                      000000  000004  000004         0       0  CODE        2
                intentry                       000004  0007FC  000800         8       0  CODE        2
                cstackBANK0                    000020  000045  000065        20       1  BANK0       1
                cstackCOMMON                   000070  00000E  00007E        70       1  COMMON      1
                cstackBANK1                    0000A0  00004D  0000ED        A0       1  BANK1       1
                cstackBANK2                    000120  000030  000150       120       1  BANK2       1
                bssBANK3                       0001A0  000048  0001E8       1A0       1  BANK3       1
                bssBANK4                       000220  000050  000270       220       1  BANK4       1
                bssBANK5                       0002A0  000046  0002E6       2A0       1  BANK5       1
                bssBANK6                       000320  000048  000368       320       1  BANK6       1
                bssBANK7                       0003A0  000020  0003C0       3A0       1  BANK7       1
                cstackBANK8                    000420  000033  000453       420       1  BANK8       1
                text53                         000800  00002D  00082D      1000       0  CODE        2
                text67                         00082D  00021F  000A4C      105A       0  CODE        2
                text17                         000A4C  0005B7  001003      1498       0  CODE        2
                text30                         001003  0000CF  0010D2      2006       0  CODE        2
                maintext                       0010D2  000390  001462      21A4       0  CODE        2
                text25                         001462  00039F  001801      28C4       0  CODE        2
                text21                         001801  000032  001833      3002       0  CODE        2
                text26                         001833  00016B  00199E      3066       0  CODE        2
                text68                         00199E  0002FB  001C99      333C       0  CODE        2
                text5                          001C99  000367  002000      3932       0  CODE        2
                text35                         002001  00007C  00207D      4002       0  CODE        2
                text12                         00207D  000250  0022CD      40FA       0  CODE        2
                text9                          0022CD  00027E  00254B      459A       0  CODE        2
                text77                         00254B  0002B5  002800      4A96       0  CODE        2
                text140                        002801  000003  002804      5002       0  CODE        2
                text147                        002804  0000A8  0028AC      5008       0  CODE        2
                text42                         0028AC  000140  0029EC      5158       0  CODE        2
                text66                         0029EC  000160  002B4C      53D8       0  CODE        2
                text15                         002B4C  000167  002CB3      5698       0  CODE        2
                text72                         002CB3  0001A0  002E53      5966       0  CODE        2
                text36                         002E53  0001D4  003027      5CA6       0  CODE        2
                text47                         003027  0000F6  00311D      604E       0  CODE        2
                text1                          00311D  000115  003232      623A       0  CODE        2
                text29                         003232  00011A  00334C      6464       0  CODE        2
                text87                         00334C  00011F  00346B      6698       0  CODE        2
                text8                          00346B  000122  00358D      68D6       0  CODE        2
                text18                         00358D  000137  0036C4      6B1A       0  CODE        2
                text31                         0036C4  00013C  003800      6D88       0  CODE        2
                text34                         003801  00002A  00382B      7002       0  CODE        2
                text37                         00382B  0000B1  0038DC      7056       0  CODE        2
                text20                         0038DC  0000B3  00398F      71B8       0  CODE        2
                text50                         00398F  0000B4  003A43      731E       0  CODE        2
                text51                         003A43  0000B7  003AFA      7486       0  CODE        2
                text118                        003AFA  0000CA  003BC4      75F4       0  CODE        2
                text120                        003BC4  0000CB  003C8F      7788       0  CODE        2
                text84                         003C8F  0000D4  003D63      791E       0  CODE        2
                text57                         003D63  0000D8  003E3B      7AC6       0  CODE        2
                text11                         003E3B  0000E0  003F1B      7C76       0  CODE        2
                text113                        003F1B  00013D  004058      7E36       0  CODE        2
                text10                         004058  000079  0040D1      80B0       0  CODE        2
                text89                         0040D1  00007A  00414B      81A2       0  CODE        2
                text46                         00414B  00007E  0041C9      8296       0  CODE        2
                text63                         0041C9  000081  00424A      8392       0  CODE        2
                text48                         00424A  000082  0042CC      8494       0  CODE        2
                text131                        0042CC  000086  004352      8598       0  CODE        2
                text39                         004352  000087  0043D9      86A4       0  CODE        2
                text92                         0043D9  00008B  004464      87B2       0  CODE        2
                text7                          004464  00008F  0044F3      88C8       0  CODE        2
                text32                         0044F3  000092  004585      89E6       0  CODE        2
                text73                         004585  000098  00461D      8B0A       0  CODE        2
                text80                         00461D  0000A1  0046BE      8C3A       0  CODE        2
                text69                         0046BE  0000A1  00475F      8D7C       0  CODE        2
                text59                         00475F  0000A1  004800      8EBE       0  CODE        2
                stringtext1                    004800  0000A0  0048A0      9000       0  STRCODE     2
                text112                        0048A1  000018  0048B9      9142       0  CODE        2
                text55                         0048B9  000045  0048FE      9172       0  CODE        2
                text81                         0048FE  000046  004944      91FC       0  CODE        2
                text56                         004944  000049  00498D      9288       0  CODE        2
                text119                        00498D  00004D  0049DA      931A       0  CODE        2
                text116                        0049DA  00004D  004A27      93B4       0  CODE        2
                text104                        004A27  000051  004A78      944E       0  CODE        2
                text107                        004A78  000052  004ACA      94F0       0  CODE        2
                text28                         004ACA  000052  004B1C      9594       0  CODE        2
                text24                         004B1C  000052  004B6E      9638       0  CODE        2
                text94                         004B6E  000053  004BC1      96DC       0  CODE        2
                text62                         004BC1  000054  004C15      9782       0  CODE        2
                text85                         004C15  000056  004C6B      982A       0  CODE        2
                text60                         004C6B  000059  004CC4      98D6       0  CODE        2
                text79                         004CC4  000063  004D27      9988       0  CODE        2
                text86                         004D27  000064  004D8B      9A4E       0  CODE        2
                text58                         004D8B  000064  004DEF      9B16       0  CODE        2
                text52                         004DEF  000065  004E54      9BDE       0  CODE        2
                text76                         004E54  000066  004EBA      9CA8       0  CODE        2
                text88                         004EBA  000067  004F21      9D74       0  CODE        2
                text64                         004F21  000068  004F89      9E42       0  CODE        2
                text70                         004F89  000077  005000      9F12       0  CODE        2
                stringtext2                    005000  000070  005070      A000       0  STRCODE     2
                swtext1                        005070  00001C  00508C      A0E0       0  CONST       2
                text16                         00508C  00000D  005099      A118       0  CODE        2
                text129                        005099  000017  0050B0      A132       0  CODE        2
                text128                        0050B0  000017  0050C7      A160       0  CODE        2
                text145                        0050C7  00001B  0050E2      A18E       0  CODE        2
                text155                        0050E2  00001C  0050FE      A1C4       0  CODE        2
                text126                        0050FE  00001C  00511A      A1FC       0  CODE        2
                text13                         00511A  00001C  005136      A234       0  CODE        2
                text75                         005136  00001D  005153      A26C       0  CODE        2
                text154                        005153  00001E  005171      A2A6       0  CODE        2
                text123                        005171  00001F  005190      A2E2       0  CODE        2
                text102                        005190  00001F  0051AF      A320       0  CODE        2
                text23                         0051AF  00001F  0051CE      A35E       0  CODE        2
                text90                         0051CE  000020  0051EE      A39C       0  CODE        2
                text65                         0051EE  000020  00520E      A3DC       0  CODE        2
                text74                         00520E  000021  00522F      A41C       0  CODE        2
                text33                         00522F  000022  005251      A45E       0  CODE        2
                text134                        005251  000023  005274      A4A2       0  CODE        2
                text137                        005274  000025  005299      A4E8       0  CODE        2
                text136                        005299  000025  0052BE      A532       0  CODE        2
                text117                        0052BE  000025  0052E3      A57C       0  CODE        2
                text142                        0052E3  000026  005309      A5C6       0  CODE        2
                text141                        005309  000028  005331      A612       0  CODE        2
                text115                        005331  000028  005359      A662       0  CODE        2
                text43                         005359  000028  005381      A6B2       0  CODE        2
                text14                         005381  000028  0053A9      A702       0  CODE        2
                text95                         0053A9  000029  0053D2      A752       0  CODE        2
                text83                         0053D2  000029  0053FB      A7A4       0  CODE        2
                text121                        0053FB  00002D  005428      A7F6       0  CODE        2
                text114                        005428  00002D  005455      A850       0  CODE        2
                text108                        005455  00002D  005482      A8AA       0  CODE        2
                text124                        005482  00002E  0054B0      A904       0  CODE        2
                text41                         0054B0  00002E  0054DE      A960       0  CODE        2
                text91                         0054DE  00002F  00550D      A9BC       0  CODE        2
                text19                         00550D  000030  00553D      AA1A       0  CODE        2
                text144                        00553D  000032  00556F      AA7A       0  CODE        2
                text146                        00556F  000034  0055A3      AADE       0  CODE        2
                text135                        0055A3  000035  0055D8      AB46       0  CODE        2
                text125                        0055D8  000036  00560E      ABB0       0  CODE        2
                text78                         00560E  000037  005645      AC1C       0  CODE        2
                text2                          005645  00003B  005680      AC8A       0  CODE        2
                text45                         005680  00003C  0056BC      AD00       0  CODE        2
                text38                         0056BC  00003C  0056F8      AD78       0  CODE        2
                text40                         0056F8  00003D  005735      ADF0       0  CODE        2
                text130                        005735  000043  005778      AE6A       0  CODE        2
                text93                         005778  000043  0057BB      AEF0       0  CODE        2
                text143                        0057BB  000045  005800      AF76       0  CODE        2
                stringtext3                    005800  0008E8  0060E8      B000       0  STRCODE     2
                swtext5                        0060E8  000014  0060FC      C1D0       0  CONST       2
                swtext7                        006100  000012  006112      C200       0  CONST       2
                text138                        006112  000023  006135      C224       0  CODE        2
                swtext3                        006135  000020  006155      C26A       0  CONST       2
                text99                         006155  00007E  0061D3      C2AA       0  CODE        2
                swtext4                        0061D3  00000C  0061DF      C3A6       0  CONST       2
                text127                        0061DF  000016  0061F5      C3BE       0  CODE        2
                swtext2                        0061F5  00000A  0061FF      C3EA       0  CONST       2
                text149                        0061FF  00004C  00624B      C3FE       0  CODE        2
                text148                        00674D  000013  006760      CE9A       0  CODE        2
                text106                        006760  000013  006773      CEC0       0  CODE        2
                text96                         006773  000013  006786      CEE6       0  CODE        2
                text3                          006786  000013  006799      CF0C       0  CODE        2
                text98                         006799  000014  0067AD      CF32       0  CODE        2
                text71                         0067AD  000014  0067C1      CF5A       0  CODE        2
                text122                        0067C1  000015  0067D6      CF82       0  CODE        2
                text97                         0067D6  000015  0067EB      CFAC       0  CODE        2
                text49                         0067EB  000015  006800      CFD6       0  CODE        2
                stringtext72                   006800  00011C  00691C      D000       0  STRCODE     2
                idloc                          008000  000004  008004     10000       0  IDLOC       2
                config                         008007  000005  00800C     1000E       0  CONFIG      2


UNUSED ADDRESS RANGES

        Name                Unused          Largest block    Delta
        BANK0            000065-00006F                B           1
        BANK1            0000ED-0000EF                3           1
        BANK10           000520-00056F               50           1
        BANK11           0005A0-0005EF               50           1
        BANK12           000620-00066F               50           1
        BANK13           0006A0-0006EF               50           1
        BANK14           000720-00076F               50           1
        BANK15           0007A0-0007EF               50           1
        BANK16           000820-00086F               50           1
        BANK17           0008A0-0008EF               50           1
        BANK18           000920-00096F               50           1
        BANK19           0009A0-0009EF               50           1
        BANK2            000150-00016F               20           1
        BANK20           000A20-000A6F               50           1
        BANK21           000AA0-000AEF               50           1
        BANK22           000B20-000B6F               50           1
        BANK23           000BA0-000BEF               50           1
        BANK24           000C20-000C6F               50           1
        BANK25           000CA0-000CEF               50           1
        BANK26           000D20-000D6F               50           1
        BANK27           000DA0-000DEF               50           1
        BANK28           000E20-000E6F               50           1
        BANK29           000EA0-000EEF               50           1
[...]
      Temps:          1       0       0       0       0       0       0       0       0       0       0       0       0       0       0       0       0       0       0       0       0       0       0       0       0       0       0       0       0       0       0       0       0       0       0       0       0       0       0       0       0       0       0       0       0       0       0       0       0       0       0       0
      Totals:         1       0       0       0       0       0       0       0       0       0       0       0       0       0       0       0       0       0       0       0       0       0       0       0       0       0       0       0       0       0       0       0       0       0       0       0       0       0       0       0       0       0       0       0       0       0       0       0       0       0       0       0
Total ram usage:        1 bytes
 Hardware stack levels used:    1
 This function calls:
		Nothing
 This function is called by:
		_EUSART_Initialize
		_INTERRUPT_InterruptManager
 This function uses a non-reentrant model



MODULE INFORMATION

Module		Function		Class		Link	Load	Size
C:\Program Files (x86)\Microchip\xc8\v1.45\sources\common\ftneg.c
		___ftneg       		CODE           	6209	0000	10

C:\Program Files (x86)\Microchip\xc8\v1.45\sources\common\ftneg.c estimated size: 10

func.c
		_config_saidas 		CODE           	4C6B	0000	90
		_ciclarPneumatico		CODE           	29EC	0000	353
		_PIN_MANAGER_Initialize		CODE           	4A27	0000	82
		_salva_EEPROM  		CODE           	550D	0000	49
		_TMR1_Initialize		CODE           	6799	0000	21
		_carrega_EEPROM32		CODE           	4E54	0000	103
		_rst_inversor  		CODE           	520E	0000	34
		_trata_dados   		CODE           	199E	0000	764
		_delay         		CODE           	5136	0000	30
		_PWM2_Initialize		CODE           	61A1	0000	15
		_entrada       		CODE           	67AD	0000	21
		_config_entrada		CODE           	41C9	0000	130
		_SMT1_Initialize		CODE           	6175	0000	16
		_salva_EEPROM32		CODE           	4D27	0000	101
		_load_bar      		CODE           	2804	0000	169
		_bip_tecla     		CODE           	5251	0000	36
		_saida         		CODE           	51CE	0000	33
		_get_temp      		CODE           	38DC	0000	180
		_escreve_freq  		CODE           	53D2	0000	42
		_CLC1_Initialize		CODE           	6124	0000	18
		_SMT2_Initialize		CODE           	6155	0000	17
		_start_timer   		CODE           	6165	0000	17
		_telas         		CODE           	22CD	0000	2224
		_SMT1_GetCapturedPeriod		CODE           	6193	0000	15
		_verifPagina   		CODE           	4058	0000	122
		_pontencia_instantanea		CODE           	553D	0000	51
		_status_gerador		CODE           	4CC4	0000	100
		_clr           		CODE           	61EB	0000	11
		_salva_n_pecas 		CODE           	4C15	0000	87
		_rotina_tela   		CODE           	346B	0000	291
		_ISR_entrada   		CODE           	40D1	0000	123
		_op_desce      		CODE           	334C	0000	288
		_TMR5_Initialize		CODE           	67D6	0000	22
		_TMR1_Reload   		CODE           	623D	0000	9
		_escreve_tempos		CODE           	207D	0000	593
		_config_flag_entrada		CODE           	4F21	0000	105
		_XC            		CODE           	424A	0000	131
		_config_IO_start		CODE           	51EE	0000	33
		_teclado       		CODE           	42CC	0000	135
		_TMR6_Initialize		CODE           	6773	0000	20
		_tela_ultima_solda		CODE           	2CB3	0000	417
		_addr_receitas 		CODE           	508C	0000	14
		_data          		CODE           	6786	0000	20
		_clear_saida   		CODE           	61C7	0000	13
		_ADCC_Initialize		CODE           	48A1	0000	25
		_PMD_Initialize		CODE           	622D	0000	9
		_func_rst      		CODE           	4944	0000	74
		_op_fixar      		CODE           	3C8F	0000	213
		_INTERRUPT_InterruptManager		CODE           	0004	0000	224
		_ver_entrada   		CODE           	4EBA	0000	104
		_ini_GERADOR   		CODE           	1462	0000	927
		_TMR1_WriteTimer		CODE           	6184	0000	16
		_teste_pneumatico		CODE           	311D	0000	278
		_carrega_EEPROM		CODE           	1801	0000	51
		_tela_inicial  		CODE           	4F89	0000	120
		_OSCILLATOR_Initialize		CODE           	6212	0000	10
		_SYSTEM_Initialize		CODE           	53A9	0000	42
		_op_solda      		CODE           	254B	0000	694
		_stop_timer    		CODE           	1000	0000	4
		_func_enter    		CODE           	3D63	0000	217
		_selectModo    		CODE           	358D	0000	312
		_get_freq      		CODE           	461D	0000	162
		_get_duty      		CODE           	0800	0000	46
		_TMR5_Reload   		CODE           	6235	0000	9
		_teste_leds    		CODE           	5645	0000	60
		_liberar       		CODE           	61BB	0000	13
		_emergencia    		CODE           	4464	0000	144
		_PWM2_LoadDutyValue		CODE           	5190	0000	32
		_config_maq_especial		CODE           	475F	0000	162
		_ver_freq      		CODE           	560E	0000	56
		_ciclar        		CODE           	082D	0000	544
		_ini_ee_tempos 		CODE           	0A4C	0000	1461
		_set_freq      		CODE           	4585	0000	153
		_config_maq    		CODE           	2B4C	0000	360
		_liberar_tecla 		CODE           	5735	0000	68
		_totalCiclos   		CODE           	3E3B	0000	225
		_teste_US      		CODE           	1C99	0000	872
		_trava_erro    		CODE           	46BE	0000	162
		_TMR5_WriteTimer		CODE           	6245	0000	7
		_config_flag_saida		CODE           	4BC1	0000	85

func.c estimated size: 15086

C:\Program Files (x86)\Microchip\xc8\v1.45\sources\common\sprcsqrt.c
		_sqrt          		CODE           	1833	0000	364

C:\Program Files (x86)\Microchip\xc8\v1.45\sources\common\sprcsqrt.c estimated size: 364

C:\Program Files (x86)\Microchip\xc8\v1.45\sources\pic\eeread.c
		_eeprom_read   		CODE           	6112	0000	19

C:\Program Files (x86)\Microchip\xc8\v1.45\sources\pic\eeread.c estimated size: 19

login.c
		_Autenticar    		CODE           	3F1B	0000	230
		_verifSenhas   		CODE           	5428	0000	46
		_EditSenhaUser 		CODE           	3AFA	0000	203
		_printTelaSenha		CODE           	49DA	0000	78
		_printTelaEditarSenha		CODE           	498D	0000	78
		_LoadSenhaUser 		CODE           	5274	0000	38
		_LoadSenhaGerador		CODE           	52BE	0000	38

login.c estimated size: 711

C:\Program Files (x86)\Microchip\xc8\v1.45\sources\common\ftsub.c
		___ftsub       		CODE           	54B0	0000	47

C:\Program Files (x86)\Microchip\xc8\v1.45\sources\common\ftsub.c estimated size: 47

C:\Program Files (x86)\Microchip\xc8\v1.45\sources\common\float.c
		___ftpack      		CODE           	4DEF	0000	102

C:\Program Files (x86)\Microchip\xc8\v1.45\sources\common\float.c estimated size: 102

C:\Program Files (x86)\Microchip\xc8\v1.45\sources\common\doprnt.c
		_sprintf       		CODE           	3BC4	0000	204

C:\Program Files (x86)\Microchip\xc8\v1.45\sources\common\doprnt.c estimated size: 204

C:\Program Files (x86)\Microchip\xc8\v1.45\sources\common\lltoft.c
		___lltoft      		CODE           	3801	0000	43

C:\Program Files (x86)\Microchip\xc8\v1.45\sources\common\lltoft.c estimated size: 43

C:\Program Files (x86)\Microchip\xc8\v1.45\sources\common\round.c
		_round         		CODE           	078A	0000	114

C:\Program Files (x86)\Microchip\xc8\v1.45\sources\common\round.c estimated size: 114

eusart.c
		_EUSART_SetRxInterruptHandler		CODE           	6224	0000	10
		_EUSART_SetTxInterruptHandler		CODE           	621B	0000	10
		_EUSART_Transmit_ISR		CODE           	5153	0000	31
		_EUSART_Initialize		CODE           	5455	0000	46
		_EUSART_Receive_ISR		CODE           	50E2	0000	29

eusart.c estimated size: 126

C:\Program Files (x86)\Microchip\xc8\v1.45\sources\common\log.c
		_log           		CODE           	1003	0000	208

C:\Program Files (x86)\Microchip\xc8\v1.45\sources\common\log.c estimated size: 208

C:\Program Files (x86)\Microchip\xc8\v1.45\sources\common\Umul16.c
		___wmul        		CODE           	50FE	0000	29

C:\Program Files (x86)\Microchip\xc8\v1.45\sources\common\Umul16.c estimated size: 29

C:\Program Files (x86)\Microchip\xc8\v1.45\sources\common\cos.c
		_cos           		CODE           	2001	0000	125

C:\Program Files (x86)\Microchip\xc8\v1.45\sources\common\cos.c estimated size: 125

C:\Program Files (x86)\Microchip\xc8\v1.45\sources\common\frexp.c
		_ldexp         		CODE           	44F3	0000	147
		_frexp         		CODE           	56BC	0000	61

C:\Program Files (x86)\Microchip\xc8\v1.45\sources\common\frexp.c estimated size: 208

C:\Program Files (x86)\Microchip\xc8\v1.45\sources\common\ftge.c
		___ftge        		CODE           	5680	0000	61

C:\Program Files (x86)\Microchip\xc8\v1.45\sources\common\ftge.c estimated size: 61

C:\Program Files (x86)\Microchip\xc8\v1.45\sources\common\fabs.c
		_fabs          		CODE           	5359	0000	41

C:\Program Files (x86)\Microchip\xc8\v1.45\sources\common\fabs.c estimated size: 41

C:\Program Files (x86)\Microchip\xc8\v1.45\sources\common\pow.c
		_pow           		CODE           	3232	0000	283

C:\Program Files (x86)\Microchip\xc8\v1.45\sources\common\pow.c estimated size: 283

C:\Program Files (x86)\Microchip\xc8\v1.45\sources\common\floor.c
		_floor         		CODE           	382B	0000	178

C:\Program Files (x86)\Microchip\xc8\v1.45\sources\common\floor.c estimated size: 178

C:\Program Files (x86)\Microchip\xc8\v1.45\sources\common\lwmod.c
		___lwmod       		CODE           	53FB	0000	46

C:\Program Files (x86)\Microchip\xc8\v1.45\sources\common\lwmod.c estimated size: 46

C:\Program Files (x86)\Microchip\xc8\v1.45\sources\common\ftmul.c
		___ftmul       		CODE           	398F	0000	181

C:\Program Files (x86)\Microchip\xc8\v1.45\sources\common\ftmul.c estimated size: 181

C:\Program Files (x86)\Microchip\xc8\v1.45\sources\common\awmod.c
		___awmod       		CODE           	48FE	0000	71

C:\Program Files (x86)\Microchip\xc8\v1.45\sources\common\awmod.c estimated size: 71

C:\Program Files (x86)\Microchip\xc8\v1.45\sources\common\ftdiv.c
		___ftdiv       		CODE           	3A43	0000	184

C:\Program Files (x86)\Microchip\xc8\v1.45\sources\common\ftdiv.c estimated size: 184

C:\Program Files (x86)\Microchip\xc8\v1.45\sources\common\llmod.c
		___llmod       		CODE           	5778	0000	68

C:\Program Files (x86)\Microchip\xc8\v1.45\sources\common\llmod.c estimated size: 68

shared
		_erro_energia_str		STRCODE        	5A7E	0000	35
		main@t_amb     		STRCODE        	690F	0000	4
		exp@coeff      		STRCODE        	609A	0000	31
		_emergencia_str		STRCODE        	5D26	0000	35
		_teste_US1_str 		STRCODE        	5CE2	0000	35
		_modo_op_str   		STRCODE        	5F46	0000	35
		_joule_str     		STRCODE        	6012	0000	35
		_tempo_ovf_str 		STRCODE        	5A3A	0000	35
		_process_str   		STRCODE        	5DAE	0000	35
		_metal_str     		STRCODE        	5F8A	0000	35
		_entrada_str   		STRCODE        	0000	0000	0
		_tipo_regress_str		STRCODE        	5B6C	0000	35
		_atencao_str   		STRCODE        	0000	0000	0
		_Sai_RST_str   		STRCODE        	0000	0000	0
		_aguarde_str   		STRCODE        	5D6A	0000	35
		i1___ltdiv     		CODE           	57BB	0000	70
		i1_get_duty    		CODE           	5309	0000	41
		i1___lwdiv     		CODE           	556F	0000	53
		_dpowers       		STRCODE        	68AB	0000	11
		_erro_inv_str  		STRCODE        	5C38	0000	35
		_energia_str   		STRCODE        	5AC2	0000	35
		_falha_str     		STRCODE        	0000	0000	0
		_n_pecas_str   		STRCODE        	6078	0000	35
		_modo_rapido_str		STRCODE        	5F02	0000	35
		atan@coeff_a   		STRCODE        	6800	0000	19
		atan@coeff_b   		STRCODE        	6832	0000	16
		_ctrl_solda_str		STRCODE        	5FF0	0000	35
		_freq_str      		STRCODE        	68C7	0000	9
		_nao_str       		STRCODE        	0000	0000	0
		_inicia_str    		STRCODE        	0000	0000	0
		i1___wmul      		CODE           	50C7	0000	28
		_solda_str     		STRCODE        	6034	0000	35
		_posicao_str   		STRCODE        	0000	0000	0
		_modo_contnuo_str		STRCODE        	5EE0	0000	35
		_ctrl_pecas_str		STRCODE        	5FCE	0000	35
		_edit_senha_str		STRCODE        	59F6	0000	35
		_carrega_str   		STRCODE        	5E14	0000	35
		__initialization		CODE           	00E5	0000	105
		_receita_salva_str		STRCODE        	5E58	0000	35
		_sim_str       		STRCODE        	0000	0000	0
		_serial_str    		STRCODE        	0000	0000	0
		_modo_normal_str		STRCODE        	5F24	0000	35
		_opc_saida_str 		STRCODE        	0000	0000	0
		_senha_padrao  		STRCODE        	60D3	0000	6
		_teste_PN1_str 		STRCODE        	5CC0	0000	35
		_fixando_str   		STRCODE        	5D8C	0000	35
		i1_data        		CODE           	674D	0000	20
		_modo_contByPulse_str		STRCODE        	5EBE	0000	35
		i1_stop_timer  		CODE           	2801	0000	4
		_tipo_progress_str		STRCODE        	5B4A	0000	35
		_valor_a_str   		STRCODE        	5DF2	0000	35
		_salva_str     		STRCODE        	5E7A	0000	35
		_tempo_str     		STRCODE        	5AA0	0000	35
		_solda_cont_str		STRCODE        	5D48	0000	35
		_Sonitron_str  		STRCODE        	6850	0000	15
		_tipo_maquina_str		STRCODE        	5F68	0000	35
		_opc_entrada_str		STRCODE        	0000	0000	0
		_fixacao_str   		STRCODE        	5FAC	0000	35
		_n_pecas_total_str		STRCODE        	0000	0000	0
		_erro_senha_str		STRCODE        	59D4	0000	35
		_modelo_str    		STRCODE        	5858	0000	41
		_erro_str      		STRCODE        	5C7C	0000	35
		_branco_str    		STRCODE        	0000	0000	0
		_tipo_idioma_str		STRCODE        	5BD2	0000	35
		log@coeff      		STRCODE        	60B8	0000	28
		_erro_ovl_str  		STRCODE        	5C5A	0000	35
		_energia_low_str		STRCODE        	5A5C	0000	35
		i1_clr         		CODE           	61FF	0000	11
		_descendo_str  		STRCODE        	5DD0	0000	35
		_cont_pecas_str		STRCODE        	5E9C	0000	35
		_freq_ini_str  		STRCODE        	686C	0000	14
		_menu_senha_str		STRCODE        	5A18	0000	35
		i1___tmul      		CODE           	52E3	0000	39
		_tipo_maquina1_str		STRCODE        	5B28	0000	35
		_tipo_maquina2_str		STRCODE        	5B06	0000	35
		_tipo_maquina3_str		STRCODE        	5AE4	0000	35
		_Sai_enter_str 		STRCODE        	5C9E	0000	35
		_idioma_str    		STRCODE        	5BF4	0000	35
		_tipo_energia_str		STRCODE        	5BB0	0000	35
		_zero_cont_str 		STRCODE        	5C16	0000	35
		_emerg2_str    		STRCODE        	5D04	0000	35
		_receita_carreg_str		STRCODE        	5E36	0000	35
		sin@coeff_a    		STRCODE        	6823	0000	16
		sin@coeff_b    		STRCODE        	6893	0000	13
		_tipo_tempo_str		STRCODE        	5B8E	0000	35
		_t_solda_total_str		STRCODE        	0000	0000	0
		_saida_str     		STRCODE        	0000	0000	0
		_descida_str   		STRCODE        	6056	0000	35

shared estimated size: 2379

C:\Program Files (x86)\Microchip\xc8\v1.45\sources\common\fttol.c
		___fttol       		CODE           	4352	0000	136

C:\Program Files (x86)\Microchip\xc8\v1.45\sources\common\fttol.c estimated size: 136

C:\Program Files (x86)\Microchip\xc8\v1.45\sources\common\atan.c
		_atan          		CODE           	28AC	0000	321

C:\Program Files (x86)\Microchip\xc8\v1.45\sources\common\atan.c estimated size: 321

C:\Program Files (x86)\Microchip\xc8\v1.45\sources\common\awtoft.c
		___awtoft      		CODE           	522F	0000	35

C:\Program Files (x86)\Microchip\xc8\v1.45\sources\common\awtoft.c estimated size: 35

C:\Program Files (x86)\Microchip\xc8\v1.45\sources\common\ltoa.c
		_ltoa          		CODE           	54DE	0000	48
		_ultoa         		CODE           	43D9	0000	140

C:\Program Files (x86)\Microchip\xc8\v1.45\sources\common\ltoa.c estimated size: 188

C:\Program Files (x86)\Microchip\xc8\v1.45\sources\pic\eewrite.c
		_eeprom_write  		CODE           	5299	0000	38

C:\Program Files (x86)\Microchip\xc8\v1.45\sources\pic\eewrite.c estimated size: 38

C:\Program Files (x86)\Microchip\xc8\v1.45\sources\common\lwdiv.c
		___lwdiv       		CODE           	55A3	0000	54

C:\Program Files (x86)\Microchip\xc8\v1.45\sources\common\lwdiv.c estimated size: 54

C:\Program Files (x86)\Microchip\xc8\v1.45\sources\common\awdiv.c
		___awdiv       		CODE           	4B1C	0000	83

C:\Program Files (x86)\Microchip\xc8\v1.45\sources\common\awdiv.c estimated size: 83

C:\Program Files (x86)\Microchip\xc8\v1.45\sources\common\strcat.c
		_strcat        		CODE           	5381	0000	41

C:\Program Files (x86)\Microchip\xc8\v1.45\sources\common\strcat.c estimated size: 41

lcd.c
		_Lcd_Write_String		CODE           	5171	0000	32
		_Inicia_LCD    		CODE           	6760	0000	20
		_Lcd_Init      		CODE           	4A78	0000	83
		_escreve_LCD   		CODE           	67C1	0000	22
		_Lcd_Write_Char		CODE           	5482	0000	47
		_Lcd_Cmd       		CODE           	50B0	0000	24
		_Lcd_Set_Cursor		CODE           	55D8	0000	55
		_Lcd_Clear     		CODE           	61DF	0000	13
		_Lcd_Port      		CODE           	5099	0000	24
		_Lcd_White_Center_String		CODE           	4000	0000	89

lcd.c estimated size: 409

C:\Program Files (x86)\Microchip\xc8\v1.45\sources\common\evalpoly.c
		_eval_poly     		CODE           	414B	0000	127

C:\Program Files (x86)\Microchip\xc8\v1.45\sources\common\evalpoly.c estimated size: 127

C:\Program Files (x86)\Microchip\xc8\v1.45\sources\common\ftadd.c
		___ftadd       		CODE           	3027	0000	247

C:\Program Files (x86)\Microchip\xc8\v1.45\sources\common\ftadd.c estimated size: 247

C:\Program Files (x86)\Microchip\xc8\v1.45\sources\common\sin.c
		_sin           		CODE           	2E53	0000	430

C:\Program Files (x86)\Microchip\xc8\v1.45\sources\common\sin.c estimated size: 430

C:\Program Files (x86)\Microchip\xc8\v1.45\sources\common\lldiv.c
		___lldiv       		CODE           	4B6E	0000	84

C:\Program Files (x86)\Microchip\xc8\v1.45\sources\common\lldiv.c estimated size: 84

C:\Program Files (x86)\Microchip\xc8\v1.45\sources\common\trunc.c
		_trunc         		CODE           	4ACA	0000	83

C:\Program Files (x86)\Microchip\xc8\v1.45\sources\common\trunc.c estimated size: 83

C:\Program Files (x86)\Microchip\xc8\v1.45\sources\common\Umul24.c
		___tmul        		CODE           	3000	0000	40

C:\Program Files (x86)\Microchip\xc8\v1.45\sources\common\Umul24.c estimated size: 40

main.c
		_main          		CODE           	10D2	0000	913

main.c estimated size: 913

C:\Program Files (x86)\Microchip\xc8\v1.45\sources\common\strlen.c
		_strlen        		CODE           	51AF	0000	32

C:\Program Files (x86)\Microchip\xc8\v1.45\sources\common\strlen.c estimated size: 32

C:\Program Files (x86)\Microchip\xc8\v1.45\sources\common\lwtoft.c
		___lwtoft      		CODE           	67EB	0000	22

C:\Program Files (x86)\Microchip\xc8\v1.45\sources\common\lwtoft.c estimated size: 22

C:\Program Files (x86)\Microchip\xc8\v1.45\sources\common\itoa.c
		_utoa          		CODE           	4D8B	0000	101

C:\Program Files (x86)\Microchip\xc8\v1.45\sources\common\itoa.c estimated size: 101

C:\Program Files (x86)\Microchip\xc8\v1.45\sources\common\strcmp.c
		_strcmp        		CODE           	5331	0000	41

C:\Program Files (x86)\Microchip\xc8\v1.45\sources\common\strcmp.c estimated size: 41

C:\Program Files (x86)\Microchip\xc8\v1.45\sources\common\exp.c
		_exp           		CODE           	36C4	0000	317

C:\Program Files (x86)\Microchip\xc8\v1.45\sources\common\exp.c estimated size: 317

C:\Program Files (x86)\Microchip\xc8\v1.45\sources\common\strcpy.c
		_strcpy        		CODE           	511A	0000	29

C:\Program Files (x86)\Microchip\xc8\v1.45\sources\common\strcpy.c estimated size: 29

C:\Program Files (x86)\Microchip\xc8\v1.45\sources\common\ltdiv.c
		___ltdiv       		CODE           	48B9	0000	70

C:\Program Files (x86)\Microchip\xc8\v1.45\sources\common\ltdiv.c estimated size: 70

C:\Program Files (x86)\Microchip\xc8\v1.45\sources\common\altoft.c
		___altoft      		CODE           	56F8	0000	62

C:\Program Files (x86)\Microchip\xc8\v1.45\sources\common\altoft.c estimated size: 62

